[18376:9560:0601/080951.733:WARNING:chrome_main_delegate.cc(745)] This is Chrome version 128.0.6613.138 (not a warning)
[18376:9560:0601/080951.797:WARNING:account_consistency_mode_manager.cc(77)] Desktop Identity Consistency cannot be enabled as no OAuth client ID and client secret have been configured.
[18900:10648:0601/080955.143:WARNING:backend_impl.cc(1764)] Destroying invalid entry.
[20048:13076:0601/080956.548:WARNING:frame_impl.cc(430)] virtual CefFrameImpl::SendProcessMessage sent to detached frame 5-FFC10F3816C030A2275B0FF94D25069E will be ignored
[18900:10648:0601/080956.553:WARNING:backend_impl.cc(1764)] Destroying invalid entry.
[18900:10648:0601/080956.884:ERROR:backend_impl.cc(989)] Critical error found -8
[18900:10648:0601/080956.916:WARNING:storage_block-inl.h(138)] Failed data load.
[18900:10648:0601/080956.916:WARNING:storage_block-inl.h(138)] Failed data load.
[18900:10648:0601/080956.916:ERROR:entry_impl.cc(1029)] No file for c1030004
[18900:10648:0601/080956.918:WARNING:storage_block-inl.h(138)] Failed data load.
[18900:10648:0601/080956.931:WARNING:storage_block-inl.h(138)] Failed data load.
[18900:10648:0601/080956.931:WARNING:storage_block-inl.h(138)] Failed data load.
[18900:10648:0601/080956.931:WARNING:storage_block-inl.h(138)] Failed data load.
[18900:10648:0601/080957.233:WARNING:storage_block-inl.h(138)] Failed data load.
[18900:10648:0601/080957.233:WARNING:storage_block-inl.h(138)] Failed data load.
[18900:10648:0601/080957.233:WARNING:storage_block-inl.h(138)] Failed data load.
[18900:10648:0601/080957.233:WARNING:storage_block-inl.h(138)] Failed data load.
[18900:10648:0601/080957.234:WARNING:storage_block-inl.h(138)] Failed data load.
[18900:10648:0601/080957.234:WARNING:storage_block-inl.h(138)] Failed data load.
[18900:10648:0601/080957.239:WARNING:storage_block-inl.h(138)] Failed data load.
[18900:10648:0601/080957.239:WARNING:storage_block-inl.h(138)] Failed data load.
[18900:10648:0601/080957.246:WARNING:storage_block-inl.h(138)] Failed data load.
[18900:10648:0601/080957.246:WARNING:storage_block-inl.h(138)] Failed data load.
[18900:10648:0601/080957.249:WARNING:storage_block-inl.h(138)] Failed data load.
[18900:10648:0601/080957.249:WARNING:storage_block-inl.h(138)] Failed data load.
[18900:10648:0601/080957.249:ERROR:entry_impl.cc(955)] Failed to save user data
[18376:9560:0601/081001.876:ERROR:device_event_log_impl.cc(196)] [08:10:01.545] USB: usb_service_win.cc:105 SetupDiGetDeviceProperty({{A45C254E-DF1C-4EFD-8020-67D146A850E0}, 6}) failed: Element not found. (0x490)
[18376:9560:0601/084629.647:WARNING:pref_notifier_impl.cc(41)] Pref observer for media_router.cast_allow_all_ips found at shutdown.
