[2920:24096:0528/132517.668:WARNING:chrome_main_delegate.cc(745)] This is Chrome version 128.0.6613.138 (not a warning)
[2920:21968:0528/132517.803:ERROR:google_update_settings.cc(265)] Failed opening key Software\Chromium to set usagestats; result: 5
[2920:24096:0528/132517.873:WARNING:account_consistency_mode_manager.cc(77)] Desktop Identity Consistency cannot be enabled as no OAuth client ID and client secret have been configured.
[2064:28456:0528/132522.618:WARNING:frame_impl.cc(430)] virtual CefFrameImpl::SendProcessMessage sent to detached frame 5-F658C0B6F82D468DEFFC848CA28DB190 will be ignored
[2920:24096:0528/133518.827:WARNING:page_discarding_helper.cc(138)] Discarding multiple pages with target (kb): 0
[2920:24096:0528/133724.433:WARNING:page_discarding_helper.cc(138)] Discarding multiple pages with target (kb): 0
[2920:24096:0528/133729.432:WARNING:page_discarding_helper.cc(138)] Discarding multiple pages with target (kb): 0
[2920:24096:0528/134814.565:WARNING:page_discarding_helper.cc(138)] Discarding multiple pages with target (kb): 0
[2920:24096:0528/134819.876:WARNING:page_discarding_helper.cc(138)] Discarding multiple pages with target (kb): 0
[2920:24096:0528/134959.896:WARNING:page_discarding_helper.cc(138)] Discarding multiple pages with target (kb): 0
[2920:24096:0528/135004.897:WARNING:page_discarding_helper.cc(138)] Discarding multiple pages with target (kb): 0
[2920:24096:0528/135009.898:WARNING:page_discarding_helper.cc(138)] Discarding multiple pages with target (kb): 0
[2920:24096:0528/135014.900:WARNING:page_discarding_helper.cc(138)] Discarding multiple pages with target (kb): 0
[2920:24096:0528/135019.902:WARNING:page_discarding_helper.cc(138)] Discarding multiple pages with target (kb): 0
[2920:24096:0528/135024.906:WARNING:page_discarding_helper.cc(138)] Discarding multiple pages with target (kb): 0
[2920:24096:0528/135029.903:WARNING:page_discarding_helper.cc(138)] Discarding multiple pages with target (kb): 0
[2920:24096:0528/135034.912:WARNING:page_discarding_helper.cc(138)] Discarding multiple pages with target (kb): 0
[2920:24096:0528/135039.911:WARNING:page_discarding_helper.cc(138)] Discarding multiple pages with target (kb): 0
[2920:28552:0528/135119.875:WARNING:dns_config_service_win.cc(605)] Failed to read DnsConfig.
[27620:2720:0528/135119.880:WARNING:dns_config_service_win.cc(605)] Failed to read DnsConfig.
[2920:28552:0528/135124.893:WARNING:dns_config_service_win.cc(605)] Failed to read DnsConfig.
[27620:2720:0528/135124.898:WARNING:dns_config_service_win.cc(605)] Failed to read DnsConfig.
[2920:24096:0528/135124.930:WARNING:page_discarding_helper.cc(138)] Discarding multiple pages with target (kb): 0
[2920:24096:0528/135129.926:WARNING:page_discarding_helper.cc(138)] Discarding multiple pages with target (kb): 0
[2920:28552:0528/135134.902:WARNING:dns_config_service_win.cc(605)] Failed to read DnsConfig.
[27620:2720:0528/135134.916:WARNING:dns_config_service_win.cc(605)] Failed to read DnsConfig.
[2920:28552:0528/135154.906:WARNING:dns_config_service_win.cc(605)] Failed to read DnsConfig.
[27620:2720:0528/135154.935:WARNING:dns_config_service_win.cc(605)] Failed to read DnsConfig.
[2920:24096:0528/135214.937:WARNING:page_discarding_helper.cc(138)] Discarding multiple pages with target (kb): 0
[2920:24096:0528/135219.937:WARNING:page_discarding_helper.cc(138)] Discarding multiple pages with target (kb): 0
[2920:24096:0528/135224.936:WARNING:page_discarding_helper.cc(138)] Discarding multiple pages with target (kb): 0
[2920:24096:0528/135229.978:WARNING:page_discarding_helper.cc(138)] Discarding multiple pages with target (kb): 0
[2920:24096:0528/135235.610:WARNING:page_discarding_helper.cc(138)] Discarding multiple pages with target (kb): 0
[2920:24096:0528/135255.725:WARNING:page_discarding_helper.cc(138)] Discarding multiple pages with target (kb): 0
[2920:24096:0528/135301.037:WARNING:page_discarding_helper.cc(138)] Discarding multiple pages with target (kb): 0
